// Jest Snapshot v1, https://goo.gl/fbAQLP

exports[`sort already sorted array 1`] = `
Array [
  1,
  2,
  3,
  4,
]
`;

exports[`sort already sorted array correctly 1`] = `
Array [
  1,
  2,
  3,
  4,
]
`;

exports[`sort array correctly 1`] = `
Array [
  1,
  2,
  3,
  4,
]
`;

exports[`sort array correctly 2`] = `
Array [
  1,
  2,
  3,
  4,
]
`;
